// Jest Snapshot v1, https://goo.gl/fbAQLP

exports[`generate returns an object containing all color data 1`] = `
Object {
  "amber": Object {
    "name": "Amber",
    "shades": Object {
      "100": Object {
        "darkValue": "#cbba83",
        "isDark": false,
        "lightValue": "#ffffe5",
        "value": "#ffecb3",
      },
      "200": Object {
        "darkValue": "#caae53",
        "isDark": false,
        "lightValue": "#ffffb3",
        "value": "#ffe082",
      },
      "300": Object {
        "darkValue": "#c8a415",
        "isDark": false,
        "lightValue": "#ffff81",
        "value": "#ffd54f",
      },
      "400": Object {
        "darkValue": "#c79a00",
        "isDark": false,
        "lightValue": "#fffd61",
        "value": "#ffca28",
      },
      "50": Object {
        "darkValue": "#ccc5af",
        "isDark": false,
        "lightValue": "#ffffff",
        "value": "#fff8e1",
      },
      "500": Object {
        "darkValue": "#c79100",
        "isDark": false,
        "lightValue": "#fff350",
        "value": "#ffc107",
      },
      "600": Object {
        "darkValue": "#c68400",
        "isDark": false,
        "lightValue": "#ffe54c",
        "value": "#ffb300",
      },
      "700": Object {
        "darkValue": "#c67100",
        "isDark": false,
        "lightValue": "#ffd149",
        "value": "#ffa000",
      },
      "800": Object {
        "darkValue": "#c56000",
        "isDark": false,
        "lightValue": "#ffc046",
        "value": "#ff8f00",
      },
      "900": Object {
        "darkValue": "#c43e00",
        "isDark": false,
        "lightValue": "#ffa040",
        "value": "#ff6f00",
      },
      "a100": Object {
        "darkValue": "#cab350",
        "isDark": false,
        "lightValue": "#ffffb0",
        "value": "#ffe57f",
      },
      "a200": Object {
        "darkValue": "#c8a600",
        "isDark": false,
        "lightValue": "#ffff74",
        "value": "#ffd740",
      },
      "a400": Object {
        "darkValue": "#c79400",
        "isDark": false,
        "lightValue": "#fff64f",
        "value": "#ffc400",
      },
      "a700": Object {
        "darkValue": "#c67c00",
        "isDark": false,
        "lightValue": "#ffdd4b",
        "value": "#ffab00",
      },
    },
  },
  "black": Object {
    "name": "Black",
    "value": "#000000",
  },
  "blue": Object {
    "name": "Blue",
    "shades": Object {
      "100": Object {
        "darkValue": "#8aacc8",
        "isDark": false,
        "lightValue": "#eeffff",
        "value": "#bbdefb",
      },
      "200": Object {
        "darkValue": "#5d99c6",
        "isDark": false,
        "lightValue": "#c3fdff",
        "value": "#90caf9",
      },
      "300": Object {
        "darkValue": "#2286c3",
        "isDark": false,
        "lightValue": "#9be7ff",
        "value": "#64b5f6",
      },
      "400": Object {
        "darkValue": "#0077c2",
        "isDark": false,
        "lightValue": "#80d6ff",
        "value": "#42a5f5",
      },
      "50": Object {
        "darkValue": "#b1bfca",
        "isDark": false,
        "lightValue": "#ffffff",
        "value": "#e3f2fd",
      },
      "500": Object {
        "darkValue": "#0069c0",
        "isDark": false,
        "lightValue": "#6ec6ff",
        "value": "#2196f3",
      },
      "600": Object {
        "darkValue": "#005cb2",
        "isDark": true,
        "lightValue": "#6ab7ff",
        "value": "#1e88e5",
      },
      "700": Object {
        "darkValue": "#004ba0",
        "isDark": true,
        "lightValue": "#63a4ff",
        "value": "#1976d2",
      },
      "800": Object {
        "darkValue": "#003c8f",
        "isDark": true,
        "lightValue": "#5e92f3",
        "value": "#1565c0",
      },
      "900": Object {
        "darkValue": "#002171",
        "isDark": true,
        "lightValue": "#5472d3",
        "value": "#0d47a1",
      },
      "a100": Object {
        "darkValue": "#4d82cb",
        "isDark": false,
        "lightValue": "#b6e3ff",
        "value": "#82b1ff",
      },
      "a200": Object {
        "darkValue": "#005ecb",
        "isDark": true,
        "lightValue": "#83b9ff",
        "value": "#448aff",
      },
      "a400": Object {
        "darkValue": "#004ecb",
        "isDark": true,
        "lightValue": "#75a7ff",
        "value": "#2979ff",
      },
      "a700": Object {
        "darkValue": "#0039cb",
        "isDark": true,
        "lightValue": "#768fff",
        "value": "#2962ff",
      },
    },
  },
  "blue-gray": Object {
    "name": "Blue Gray",
    "shades": Object {
      "100": Object {
        "darkValue": "#9ea7aa",
        "isDark": false,
        "lightValue": "#ffffff",
        "value": "#cfd8dc",
      },
      "200": Object {
        "darkValue": "#808e95",
        "isDark": false,
        "lightValue": "#e2f1f8",
        "value": "#b0bec5",
      },
      "300": Object {
        "darkValue": "#62757f",
        "isDark": false,
        "lightValue": "#c1d5e0",
        "value": "#90a4ae",
      },
      "400": Object {
        "darkValue": "#4b636e",
        "isDark": true,
        "lightValue": "#a7c0cd",
        "value": "#78909c",
      },
      "50": Object {
        "darkValue": "#babdbe",
        "isDark": false,
        "lightValue": "#ffffff",
        "value": "#eceff1",
      },
      "500": Object {
        "darkValue": "#34515e",
        "isDark": true,
        "lightValue": "#8eacbb",
        "value": "#607d8b",
      },
      "600": Object {
        "darkValue": "#29434e",
        "isDark": true,
        "lightValue": "#819ca9",
        "value": "#546e7a",
      },
      "700": Object {
        "darkValue": "#1c313a",
        "isDark": true,
        "lightValue": "#718792",
        "value": "#455a64",
      },
      "800": Object {
        "darkValue": "#102027",
        "isDark": true,
        "lightValue": "#62727b",
        "value": "#37474f",
      },
      "900": Object {
        "darkValue": "#000a12",
        "isDark": true,
        "lightValue": "#4f5b62",
        "value": "#263238",
      },
    },
  },
  "brown": Object {
    "name": "Brown",
    "shades": Object {
      "100": Object {
        "darkValue": "#a69b97",
        "isDark": false,
        "lightValue": "#fffffb",
        "value": "#d7ccc8",
      },
      "200": Object {
        "darkValue": "#8c7b75",
        "isDark": false,
        "lightValue": "#efdcd5",
        "value": "#bcaaa4",
      },
      "300": Object {
        "darkValue": "#725b53",
        "isDark": true,
        "lightValue": "#d3b8ae",
        "value": "#a1887f",
      },
      "400": Object {
        "darkValue": "#5f4339",
        "isDark": true,
        "lightValue": "#be9c91",
        "value": "#8d6e63",
      },
      "50": Object {
        "darkValue": "#bdb9b7",
        "isDark": false,
        "lightValue": "#ffffff",
        "value": "#efebe9",
      },
      "500": Object {
        "darkValue": "#4b2c20",
        "isDark": true,
        "lightValue": "#a98274",
        "value": "#795548",
      },
      "600": Object {
        "darkValue": "#40241a",
        "isDark": true,
        "lightValue": "#9c786c",
        "value": "#6d4c41",
      },
      "700": Object {
        "darkValue": "#321911",
        "isDark": true,
        "lightValue": "#8b6b61",
        "value": "#5d4037",
      },
      "800": Object {
        "darkValue": "#260e04",
        "isDark": true,
        "lightValue": "#7b5e57",
        "value": "#4e342e",
      },
      "900": Object {
        "darkValue": "#1b0000",
        "isDark": true,
        "lightValue": "#6a4f4b",
        "value": "#3e2723",
      },
    },
  },
  "cyan": Object {
    "name": "Cyan",
    "shades": Object {
      "100": Object {
        "darkValue": "#81b9bf",
        "isDark": false,
        "lightValue": "#e5ffff",
        "value": "#b2ebf2",
      },
      "200": Object {
        "darkValue": "#4bacb8",
        "isDark": false,
        "lightValue": "#b4ffff",
        "value": "#80deea",
      },
      "300": Object {
        "darkValue": "#009faf",
        "isDark": false,
        "lightValue": "#88ffff",
        "value": "#4dd0e1",
      },
      "400": Object {
        "darkValue": "#0095a8",
        "isDark": false,
        "lightValue": "#6ff9ff",
        "value": "#26c6da",
      },
      "50": Object {
        "darkValue": "#aec4c7",
        "isDark": false,
        "lightValue": "#ffffff",
        "value": "#e0f7fa",
      },
      "500": Object {
        "darkValue": "#008ba3",
        "isDark": false,
        "lightValue": "#62efff",
        "value": "#00bcd4",
      },
      "600": Object {
        "darkValue": "#007c91",
        "isDark": false,
        "lightValue": "#5ddef4",
        "value": "#00acc1",
      },
      "700": Object {
        "darkValue": "#006978",
        "isDark": true,
        "lightValue": "#56c8d8",
        "value": "#0097a7",
      },
      "800": Object {
        "darkValue": "#005662",
        "isDark": true,
        "lightValue": "#4fb3bf",
        "value": "#00838f",
      },
      "900": Object {
        "darkValue": "#00363a",
        "isDark": true,
        "lightValue": "#428e92",
        "value": "#006064",
      },
      "a100": Object {
        "darkValue": "#4bcbcc",
        "isDark": false,
        "lightValue": "#baffff",
        "value": "#84ffff",
      },
      "a200": Object {
        "darkValue": "#00cbcc",
        "isDark": false,
        "lightValue": "#76ffff",
        "value": "#18ffff",
      },
      "a400": Object {
        "darkValue": "#00b2cc",
        "isDark": false,
        "lightValue": "#6effff",
        "value": "#00e5ff",
      },
      "a700": Object {
        "darkValue": "#0088a3",
        "isDark": false,
        "lightValue": "#62ebff",
        "value": "#00b8d4",
      },
    },
  },
  "deep-orange": Object {
    "name": "Deep Orange",
    "shades": Object {
      "100": Object {
        "darkValue": "#cb9b8c",
        "isDark": false,
        "lightValue": "#ffffee",
        "value": "#ffccbc",
      },
      "200": Object {
        "darkValue": "#c97b63",
        "isDark": false,
        "lightValue": "#ffddc1",
        "value": "#ffab91",
      },
      "300": Object {
        "darkValue": "#c75b39",
        "isDark": false,
        "lightValue": "#ffbb93",
        "value": "#ff8a65",
      },
      "400": Object {
        "darkValue": "#c63f17",
        "isDark": false,
        "lightValue": "#ffa270",
        "value": "#ff7043",
      },
      "50": Object {
        "darkValue": "#c8b7b5",
        "isDark": false,
        "lightValue": "#ffffff",
        "value": "#fbe9e7",
      },
      "500": Object {
        "darkValue": "#c41c00",
        "isDark": false,
        "lightValue": "#ff8a50",
        "value": "#ff5722",
      },
      "600": Object {
        "darkValue": "#b91400",
        "isDark": true,
        "lightValue": "#ff844c",
        "value": "#f4511e",
      },
      "700": Object {
        "darkValue": "#ac0800",
        "isDark": true,
        "lightValue": "#ff7d47",
        "value": "#e64a19",
      },
      "800": Object {
        "darkValue": "#9f0000",
        "isDark": true,
        "lightValue": "#ff7543",
        "value": "#d84315",
      },
      "900": Object {
        "darkValue": "#870000",
        "isDark": true,
        "lightValue": "#f9683a",
        "value": "#bf360c",
      },
      "a100": Object {
        "darkValue": "#c96f53",
        "isDark": false,
        "lightValue": "#ffd0b0",
        "value": "#ff9e80",
      },
      "a200": Object {
        "darkValue": "#c53d13",
        "isDark": false,
        "lightValue": "#ffa06d",
        "value": "#ff6e40",
      },
      "a400": Object {
        "darkValue": "#c30000",
        "isDark": true,
        "lightValue": "#ff7539",
        "value": "#ff3d00",
      },
      "a700": Object {
        "darkValue": "#a30000",
        "isDark": true,
        "lightValue": "#ff6434",
        "value": "#dd2c00",
      },
    },
  },
  "deep-purple": Object {
    "name": "Deep purple",
    "shades": Object {
      "100": Object {
        "darkValue": "#a094b7",
        "isDark": false,
        "lightValue": "#fff7ff",
        "value": "#d1c4e9",
      },
      "200": Object {
        "darkValue": "#836fa9",
        "isDark": false,
        "lightValue": "#e6ceff",
        "value": "#b39ddb",
      },
      "300": Object {
        "darkValue": "#65499c",
        "isDark": true,
        "lightValue": "#c7a4ff",
        "value": "#9575cd",
      },
      "400": Object {
        "darkValue": "#4d2c91",
        "isDark": true,
        "lightValue": "#b085f5",
        "value": "#7e57c2",
      },
      "50": Object {
        "darkValue": "#bbb5c3",
        "isDark": false,
        "lightValue": "#ffffff",
        "value": "#ede7f6",
      },
      "500": Object {
        "darkValue": "#320b86",
        "isDark": true,
        "lightValue": "#9a67ea",
        "value": "#673ab7",
      },
      "600": Object {
        "darkValue": "#280680",
        "isDark": true,
        "lightValue": "#9162e4",
        "value": "#5e35b1",
      },
      "700": Object {
        "darkValue": "#140078",
        "isDark": true,
        "lightValue": "#8559da",
        "value": "#512da8",
      },
      "800": Object {
        "darkValue": "#000070",
        "isDark": true,
        "lightValue": "#7953d2",
        "value": "#4527a0",
      },
      "900": Object {
        "darkValue": "#000063",
        "isDark": true,
        "lightValue": "#6746c3",
        "value": "#311b92",
      },
      "a100": Object {
        "darkValue": "#805acb",
        "isDark": false,
        "lightValue": "#e7b9ff",
        "value": "#b388ff",
      },
      "a200": Object {
        "darkValue": "#3f1dcb",
        "isDark": true,
        "lightValue": "#b47cff",
        "value": "#7c4dff",
      },
      "a400": Object {
        "darkValue": "#0100ca",
        "isDark": true,
        "lightValue": "#a255ff",
        "value": "#651fff",
      },
      "a700": Object {
        "darkValue": "#0a00b6",
        "isDark": true,
        "lightValue": "#9d46ff",
        "value": "#6200ea",
      },
    },
  },
  "gray": Object {
    "name": "Gray",
    "shades": Object {
      "100": Object {
        "darkValue": "#c2c2c2",
        "isDark": false,
        "lightValue": "#ffffff",
        "value": "#f5f5f5",
      },
      "200": Object {
        "darkValue": "#bcbcbc",
        "isDark": false,
        "lightValue": "#ffffff",
        "value": "#eeeeee",
      },
      "300": Object {
        "darkValue": "#aeaeae",
        "isDark": false,
        "lightValue": "#ffffff",
        "value": "#e0e0e0",
      },
      "400": Object {
        "darkValue": "#8d8d8d",
        "isDark": false,
        "lightValue": "#efefef",
        "value": "#bdbdbd",
      },
      "50": Object {
        "darkValue": "#c7c7c7",
        "isDark": false,
        "lightValue": "#ffffff",
        "value": "#fafafa",
      },
      "500": Object {
        "darkValue": "#707070",
        "isDark": false,
        "lightValue": "#cfcfcf",
        "value": "#9e9e9e",
      },
      "600": Object {
        "darkValue": "#494949",
        "isDark": true,
        "lightValue": "#a4a4a4",
        "value": "#757575",
      },
      "700": Object {
        "darkValue": "#373737",
        "isDark": true,
        "lightValue": "#8e8e8e",
        "value": "#616161",
      },
      "800": Object {
        "darkValue": "#1b1b1b",
        "isDark": true,
        "lightValue": "#6d6d6d",
        "value": "#424242",
      },
      "900": Object {
        "darkValue": "#000000",
        "isDark": true,
        "lightValue": "#484848",
        "value": "#212121",
      },
    },
  },
  "green": Object {
    "name": "Green",
    "shades": Object {
      "100": Object {
        "darkValue": "#97b498",
        "isDark": false,
        "lightValue": "#fbfffc",
        "value": "#c8e6c9",
      },
      "200": Object {
        "darkValue": "#75a478",
        "isDark": false,
        "lightValue": "#d7ffd9",
        "value": "#a5d6a7",
      },
      "300": Object {
        "darkValue": "#519657",
        "isDark": false,
        "lightValue": "#b2fab4",
        "value": "#81c784",
      },
      "400": Object {
        "darkValue": "#338a3e",
        "isDark": false,
        "lightValue": "#98ee99",
        "value": "#66bb6a",
      },
      "50": Object {
        "darkValue": "#b6c2b7",
        "isDark": false,
        "lightValue": "#ffffff",
        "value": "#e8f5e9",
      },
      "500": Object {
        "darkValue": "#087f23",
        "isDark": false,
        "lightValue": "#80e27e",
        "value": "#4caf50",
      },
      "600": Object {
        "darkValue": "#00701a",
        "isDark": true,
        "lightValue": "#76d275",
        "value": "#43a047",
      },
      "700": Object {
        "darkValue": "#00600f",
        "isDark": true,
        "lightValue": "#6abf69",
        "value": "#388e3c",
      },
      "800": Object {
        "darkValue": "#005005",
        "isDark": true,
        "lightValue": "#60ad5e",
        "value": "#2e7d32",
      },
      "900": Object {
        "darkValue": "#003300",
        "isDark": true,
        "lightValue": "#4c8c4a",
        "value": "#1b5e20",
      },
      "a100": Object {
        "darkValue": "#88c399",
        "isDark": false,
        "lightValue": "#ecfffd",
        "value": "#b9f6ca",
      },
      "a200": Object {
        "darkValue": "#2bbd7e",
        "isDark": false,
        "lightValue": "#9fffe0",
        "value": "#69f0ae",
      },
      "a400": Object {
        "darkValue": "#00b248",
        "isDark": false,
        "lightValue": "#66ffa6",
        "value": "#00e676",
      },
      "a700": Object {
        "darkValue": "#009624",
        "isDark": false,
        "lightValue": "#5efc82",
        "value": "#00c853",
      },
    },
  },
  "indigo": Object {
    "name": "Indigo",
    "shades": Object {
      "100": Object {
        "darkValue": "#9499b7",
        "isDark": false,
        "lightValue": "#f8fdff",
        "value": "#c5cae9",
      },
      "200": Object {
        "darkValue": "#6f79a8",
        "isDark": false,
        "lightValue": "#d1d9ff",
        "value": "#9fa8da",
      },
      "300": Object {
        "darkValue": "#49599a",
        "isDark": true,
        "lightValue": "#aab6fe",
        "value": "#7986cb",
      },
      "400": Object {
        "darkValue": "#26418f",
        "isDark": true,
        "lightValue": "#8e99f3",
        "value": "#5c6bc0",
      },
      "50": Object {
        "darkValue": "#b6b8c3",
        "isDark": false,
        "lightValue": "#ffffff",
        "value": "#e8eaf6",
      },
      "500": Object {
        "darkValue": "#002984",
        "isDark": true,
        "lightValue": "#757de8",
        "value": "#3f51b5",
      },
      "600": Object {
        "darkValue": "#00227b",
        "isDark": true,
        "lightValue": "#6f74dd",
        "value": "#3949ab",
      },
      "700": Object {
        "darkValue": "#001970",
        "isDark": true,
        "lightValue": "#666ad1",
        "value": "#303f9f",
      },
      "800": Object {
        "darkValue": "#001064",
        "isDark": true,
        "lightValue": "#5f5fc4",
        "value": "#283593",
      },
      "900": Object {
        "darkValue": "#000051",
        "isDark": true,
        "lightValue": "#534bae",
        "value": "#1a237e",
      },
      "a100": Object {
        "darkValue": "#5870cb",
        "isDark": false,
        "lightValue": "#c0cfff",
        "value": "#8c9eff",
      },
      "a200": Object {
        "darkValue": "#0043ca",
        "isDark": true,
        "lightValue": "#8f9bff",
        "value": "#536dfe",
      },
      "a400": Object {
        "darkValue": "#0031ca",
        "isDark": true,
        "lightValue": "#8187ff",
        "value": "#3d5afe",
      },
      "a700": Object {
        "darkValue": "#0026ca",
        "isDark": true,
        "lightValue": "#7a7cff",
        "value": "#304ffe",
      },
    },
  },
  "light-blue": Object {
    "name": "Light Blue",
    "shades": Object {
      "100": Object {
        "darkValue": "#82b3c9",
        "isDark": false,
        "lightValue": "#e6ffff",
        "value": "#b3e5fc",
      },
      "200": Object {
        "darkValue": "#4ba3c7",
        "isDark": false,
        "lightValue": "#b6ffff",
        "value": "#81d4fa",
      },
      "300": Object {
        "darkValue": "#0093c4",
        "isDark": false,
        "lightValue": "#8bf6ff",
        "value": "#4fc3f7",
      },
      "400": Object {
        "darkValue": "#0086c3",
        "isDark": false,
        "lightValue": "#73e8ff",
        "value": "#29b6f6",
      },
      "50": Object {
        "darkValue": "#afc2cb",
        "isDark": false,
        "lightValue": "#ffffff",
        "value": "#e1f5fe",
      },
      "500": Object {
        "darkValue": "#007ac1",
        "isDark": false,
        "lightValue": "#67daff",
        "value": "#03a9f4",
      },
      "600": Object {
        "darkValue": "#006db3",
        "isDark": false,
        "lightValue": "#63ccff",
        "value": "#039be5",
      },
      "700": Object {
        "darkValue": "#005b9f",
        "isDark": true,
        "lightValue": "#5eb8ff",
        "value": "#0288d1",
      },
      "800": Object {
        "darkValue": "#004c8c",
        "isDark": true,
        "lightValue": "#58a5f0",
        "value": "#0277bd",
      },
      "900": Object {
        "darkValue": "#002f6c",
        "isDark": true,
        "lightValue": "#4f83cc",
        "value": "#01579b",
      },
      "a100": Object {
        "darkValue": "#49a7cc",
        "isDark": false,
        "lightValue": "#b5ffff",
        "value": "#80d8ff",
      },
      "a200": Object {
        "darkValue": "#0094cc",
        "isDark": false,
        "lightValue": "#82f7ff",
        "value": "#40c4ff",
      },
      "a400": Object {
        "darkValue": "#0081cb",
        "isDark": false,
        "lightValue": "#69e2ff",
        "value": "#00b0ff",
      },
      "a700": Object {
        "darkValue": "#0064b7",
        "isDark": true,
        "lightValue": "#64c1ff",
        "value": "#0091ea",
      },
    },
  },
  "light-green": Object {
    "name": "Light Green",
    "shades": Object {
      "100": Object {
        "darkValue": "#aabb97",
        "isDark": false,
        "lightValue": "#fffffb",
        "value": "#dcedc8",
      },
      "200": Object {
        "darkValue": "#94af76",
        "isDark": false,
        "lightValue": "#f8ffd7",
        "value": "#c5e1a5",
      },
      "300": Object {
        "darkValue": "#7da453",
        "isDark": false,
        "lightValue": "#e1ffb1",
        "value": "#aed581",
      },
      "400": Object {
        "darkValue": "#6b9b37",
        "isDark": false,
        "lightValue": "#cfff95",
        "value": "#9ccc65",
      },
      "50": Object {
        "darkValue": "#bec5b7",
        "isDark": false,
        "lightValue": "#ffffff",
        "value": "#f1f8e9",
      },
      "500": Object {
        "darkValue": "#5a9216",
        "isDark": false,
        "lightValue": "#bef67a",
        "value": "#8bc34a",
      },
      "600": Object {
        "darkValue": "#4b830d",
        "isDark": false,
        "lightValue": "#aee571",
        "value": "#7cb342",
      },
      "700": Object {
        "darkValue": "#387002",
        "isDark": false,
        "lightValue": "#99d066",
        "value": "#689f38",
      },
      "800": Object {
        "darkValue": "#255d00",
        "isDark": true,
        "lightValue": "#85bb5c",
        "value": "#558b2f",
      },
      "900": Object {
        "darkValue": "#003d00",
        "isDark": true,
        "lightValue": "#629749",
        "value": "#33691e",
      },
      "a100": Object {
        "darkValue": "#99cc60",
        "isDark": false,
        "lightValue": "#ffffc2",
        "value": "#ccff90",
      },
      "a200": Object {
        "darkValue": "#7ecb20",
        "isDark": false,
        "lightValue": "#e7ff8c",
        "value": "#b2ff59",
      },
      "a400": Object {
        "darkValue": "#32cb00",
        "isDark": false,
        "lightValue": "#b0ff57",
        "value": "#76ff03",
      },
      "a700": Object {
        "darkValue": "#1faa00",
        "isDark": false,
        "lightValue": "#9cff57",
        "value": "#64dd17",
      },
    },
  },
  "lime": Object {
    "name": "Lime",
    "shades": Object {
      "100": Object {
        "darkValue": "#bdc192",
        "isDark": false,
        "lightValue": "#fffff6",
        "value": "#f0f4c3",
      },
      "200": Object {
        "darkValue": "#b3bc6d",
        "isDark": false,
        "lightValue": "#ffffce",
        "value": "#e6ee9c",
      },
      "300": Object {
        "darkValue": "#a8b545",
        "isDark": false,
        "lightValue": "#ffffa6",
        "value": "#dce775",
      },
      "400": Object {
        "darkValue": "#a0af22",
        "isDark": false,
        "lightValue": "#ffff89",
        "value": "#d4e157",
      },
      "50": Object {
        "darkValue": "#c6c8b5",
        "isDark": false,
        "lightValue": "#ffffff",
        "value": "#f9fbe7",
      },
      "500": Object {
        "darkValue": "#99aa00",
        "isDark": false,
        "lightValue": "#ffff6e",
        "value": "#cddc39",
      },
      "600": Object {
        "darkValue": "#8c9900",
        "isDark": false,
        "lightValue": "#f5fd67",
        "value": "#c0ca33",
      },
      "700": Object {
        "darkValue": "#7c8500",
        "isDark": false,
        "lightValue": "#e4e65e",
        "value": "#afb42b",
      },
      "800": Object {
        "darkValue": "#6c6f00",
        "isDark": false,
        "lightValue": "#d2ce56",
        "value": "#9e9d24",
      },
      "900": Object {
        "darkValue": "#524c00",
        "isDark": true,
        "lightValue": "#b4a647",
        "value": "#827717",
      },
      "a100": Object {
        "darkValue": "#bfcc50",
        "isDark": false,
        "lightValue": "#ffffb3",
        "value": "#f4ff81",
      },
      "a200": Object {
        "darkValue": "#b8cc00",
        "isDark": false,
        "lightValue": "#ffff78",
        "value": "#eeff41",
      },
      "a400": Object {
        "darkValue": "#90cc00",
        "isDark": false,
        "lightValue": "#fdff58",
        "value": "#c6ff00",
      },
      "a700": Object {
        "darkValue": "#79b700",
        "isDark": false,
        "lightValue": "#e4ff54",
        "value": "#aeea00",
      },
    },
  },
  "orange": Object {
    "name": "Orange",
    "shades": Object {
      "100": Object {
        "darkValue": "#cbae82",
        "isDark": false,
        "lightValue": "#ffffe4",
        "value": "#ffe0b2",
      },
      "200": Object {
        "darkValue": "#ca9b52",
        "isDark": false,
        "lightValue": "#ffffb0",
        "value": "#ffcc80",
      },
      "300": Object {
        "darkValue": "#c88719",
        "isDark": false,
        "lightValue": "#ffe97d",
        "value": "#ffb74d",
      },
      "400": Object {
        "darkValue": "#c77800",
        "isDark": false,
        "lightValue": "#ffd95b",
        "value": "#ffa726",
      },
      "50": Object {
        "darkValue": "#ccc0ae",
        "isDark": false,
        "lightValue": "#ffffff",
        "value": "#fff3e0",
      },
      "500": Object {
        "darkValue": "#c66900",
        "isDark": false,
        "lightValue": "#ffc947",
        "value": "#ff9800",
      },
      "600": Object {
        "darkValue": "#c25e00",
        "isDark": false,
        "lightValue": "#ffbd45",
        "value": "#fb8c00",
      },
      "700": Object {
        "darkValue": "#bb4d00",
        "isDark": false,
        "lightValue": "#ffad42",
        "value": "#f57c00",
      },
      "800": Object {
        "darkValue": "#b53d00",
        "isDark": false,
        "lightValue": "#ff9d3f",
        "value": "#ef6c00",
      },
      "900": Object {
        "darkValue": "#ac1900",
        "isDark": true,
        "lightValue": "#ff833a",
        "value": "#e65100",
      },
      "a100": Object {
        "darkValue": "#caa052",
        "isDark": false,
        "lightValue": "#ffffb1",
        "value": "#ffd180",
      },
      "a200": Object {
        "darkValue": "#c77c02",
        "isDark": false,
        "lightValue": "#ffdd71",
        "value": "#ffab40",
      },
      "a400": Object {
        "darkValue": "#c56200",
        "isDark": false,
        "lightValue": "#ffc246",
        "value": "#ff9100",
      },
      "a700": Object {
        "darkValue": "#c43c00",
        "isDark": false,
        "lightValue": "#ff9e40",
        "value": "#ff6d00",
      },
    },
  },
  "pink": Object {
    "name": "Pink",
    "shades": Object {
      "100": Object {
        "darkValue": "#c48b9f",
        "isDark": false,
        "lightValue": "#ffeeff",
        "value": "#f8bbd0",
      },
      "200": Object {
        "darkValue": "#bf5f82",
        "isDark": false,
        "lightValue": "#ffc1e3",
        "value": "#f48fb1",
      },
      "300": Object {
        "darkValue": "#ba2d65",
        "isDark": false,
        "lightValue": "#ff94c2",
        "value": "#f06292",
      },
      "400": Object {
        "darkValue": "#b4004e",
        "isDark": true,
        "lightValue": "#ff77a9",
        "value": "#ec407a",
      },
      "50": Object {
        "darkValue": "#c9b2ba",
        "isDark": false,
        "lightValue": "#ffffff",
        "value": "#fce4ec",
      },
      "500": Object {
        "darkValue": "#b0003a",
        "isDark": true,
        "lightValue": "#ff6090",
        "value": "#e91e63",
      },
      "600": Object {
        "darkValue": "#a00037",
        "isDark": true,
        "lightValue": "#ff5c8d",
        "value": "#d81b60",
      },
      "700": Object {
        "darkValue": "#8c0032",
        "isDark": true,
        "lightValue": "#fa5788",
        "value": "#c2185b",
      },
      "800": Object {
        "darkValue": "#78002e",
        "isDark": true,
        "lightValue": "#e35183",
        "value": "#ad1457",
      },
      "900": Object {
        "darkValue": "#560027",
        "isDark": true,
        "lightValue": "#bc477b",
        "value": "#880e4f",
      },
      "a100": Object {
        "darkValue": "#c94f7c",
        "isDark": false,
        "lightValue": "#ffb2dd",
        "value": "#ff80ab",
      },
      "a200": Object {
        "darkValue": "#c60055",
        "isDark": true,
        "lightValue": "#ff79b0",
        "value": "#ff4081",
      },
      "a400": Object {
        "darkValue": "#bb002f",
        "isDark": true,
        "lightValue": "#ff5983",
        "value": "#f50057",
      },
      "a700": Object {
        "darkValue": "#8e0038",
        "isDark": true,
        "lightValue": "#fd558f",
        "value": "#c51162",
      },
    },
  },
  "purple": Object {
    "name": "Purple",
    "shades": Object {
      "100": Object {
        "darkValue": "#af8eb5",
        "isDark": false,
        "lightValue": "#fff1ff",
        "value": "#e1bee7",
      },
      "200": Object {
        "darkValue": "#9c64a6",
        "isDark": false,
        "lightValue": "#ffc4ff",
        "value": "#ce93d8",
      },
      "300": Object {
        "darkValue": "#883997",
        "isDark": true,
        "lightValue": "#ee98fb",
        "value": "#ba68c8",
      },
      "400": Object {
        "darkValue": "#790e8b",
        "isDark": true,
        "lightValue": "#df78ef",
        "value": "#ab47bc",
      },
      "50": Object {
        "darkValue": "#c0b3c2",
        "isDark": false,
        "lightValue": "#ffffff",
        "value": "#f3e5f5",
      },
      "500": Object {
        "darkValue": "#6a0080",
        "isDark": true,
        "lightValue": "#d05ce3",
        "value": "#9c27b0",
      },
      "600": Object {
        "darkValue": "#5c007a",
        "isDark": true,
        "lightValue": "#c158dc",
        "value": "#8e24aa",
      },
      "700": Object {
        "darkValue": "#4a0072",
        "isDark": true,
        "lightValue": "#ae52d4",
        "value": "#7b1fa2",
      },
      "800": Object {
        "darkValue": "#38006b",
        "isDark": true,
        "lightValue": "#9c4dcc",
        "value": "#6a1b9a",
      },
      "900": Object {
        "darkValue": "#12005e",
        "isDark": true,
        "lightValue": "#7c43bd",
        "value": "#4a148c",
      },
      "a100": Object {
        "darkValue": "#b64fc8",
        "isDark": false,
        "lightValue": "#ffb2ff",
        "value": "#ea80fc",
      },
      "a200": Object {
        "darkValue": "#aa00c7",
        "isDark": true,
        "lightValue": "#ff79ff",
        "value": "#e040fb",
      },
      "a400": Object {
        "darkValue": "#9e00c5",
        "isDark": true,
        "lightValue": "#ff5bff",
        "value": "#d500f9",
      },
      "a700": Object {
        "darkValue": "#7200ca",
        "isDark": true,
        "lightValue": "#e254ff",
        "value": "#aa00ff",
      },
    },
  },
  "red": Object {
    "name": "Red",
    "shades": Object {
      "100": Object {
        "darkValue": "#cb9ca1",
        "isDark": false,
        "lightValue": "#ffffff",
        "value": "#ffcdd2",
      },
      "200": Object {
        "darkValue": "#ba6b6c",
        "isDark": false,
        "lightValue": "#ffcccb",
        "value": "#ef9a9a",
      },
      "300": Object {
        "darkValue": "#af4448",
        "isDark": false,
        "lightValue": "#ffa4a2",
        "value": "#e57373",
      },
      "400": Object {
        "darkValue": "#b61827",
        "isDark": true,
        "lightValue": "#ff867c",
        "value": "#ef5350",
      },
      "50": Object {
        "darkValue": "#ccb9bc",
        "isDark": false,
        "lightValue": "#ffffff",
        "value": "#ffebee",
      },
      "500": Object {
        "darkValue": "#ba000d",
        "isDark": true,
        "lightValue": "#ff7961",
        "value": "#f44336",
      },
      "600": Object {
        "darkValue": "#ab000d",
        "isDark": true,
        "lightValue": "#ff6f60",
        "value": "#e53935",
      },
      "700": Object {
        "darkValue": "#9a0007",
        "isDark": true,
        "lightValue": "#ff6659",
        "value": "#d32f2f",
      },
      "800": Object {
        "darkValue": "#8e0000",
        "isDark": true,
        "lightValue": "#ff5f52",
        "value": "#c62828",
      },
      "900": Object {
        "darkValue": "#7f0000",
        "isDark": true,
        "lightValue": "#f05545",
        "value": "#b71c1c",
      },
      "a100": Object {
        "darkValue": "#c85a54",
        "isDark": false,
        "lightValue": "#ffbcaf",
        "value": "#ff8a80",
      },
      "a200": Object {
        "darkValue": "#c50e29",
        "isDark": true,
        "lightValue": "#ff867f",
        "value": "#ff5252",
      },
      "a400": Object {
        "darkValue": "#c4001d",
        "isDark": true,
        "lightValue": "#ff616f",
        "value": "#ff1744",
      },
      "a700": Object {
        "darkValue": "#9b0000",
        "isDark": true,
        "lightValue": "#ff5131",
        "value": "#d50000",
      },
    },
  },
  "teal": Object {
    "name": "Teal",
    "shades": Object {
      "100": Object {
        "darkValue": "#82ada9",
        "isDark": false,
        "lightValue": "#e5ffff",
        "value": "#b2dfdb",
      },
      "200": Object {
        "darkValue": "#4f9a94",
        "isDark": false,
        "lightValue": "#b2fef7",
        "value": "#80cbc4",
      },
      "300": Object {
        "darkValue": "#00867d",
        "isDark": false,
        "lightValue": "#82e9de",
        "value": "#4db6ac",
      },
      "400": Object {
        "darkValue": "#00766c",
        "isDark": false,
        "lightValue": "#64d8cb",
        "value": "#26a69a",
      },
      "50": Object {
        "darkValue": "#aebfbe",
        "isDark": false,
        "lightValue": "#ffffff",
        "value": "#e0f2f1",
      },
      "500": Object {
        "darkValue": "#00675b",
        "isDark": true,
        "lightValue": "#52c7b8",
        "value": "#009688",
      },
      "600": Object {
        "darkValue": "#005b4f",
        "isDark": true,
        "lightValue": "#4ebaaa",
        "value": "#00897b",
      },
      "700": Object {
        "darkValue": "#004c40",
        "isDark": true,
        "lightValue": "#48a999",
        "value": "#00796b",
      },
      "800": Object {
        "darkValue": "#003d33",
        "isDark": true,
        "lightValue": "#439889",
        "value": "#00695c",
      },
      "900": Object {
        "darkValue": "#00251a",
        "isDark": true,
        "lightValue": "#39796b",
        "value": "#004d40",
      },
      "a100": Object {
        "darkValue": "#75ccb9",
        "isDark": false,
        "lightValue": "#dbffff",
        "value": "#a7ffeb",
      },
      "a200": Object {
        "darkValue": "#14cba8",
        "isDark": false,
        "lightValue": "#9effff",
        "value": "#64ffda",
      },
      "a400": Object {
        "darkValue": "#00b686",
        "isDark": false,
        "lightValue": "#6effe8",
        "value": "#1de9b6",
      },
      "a700": Object {
        "darkValue": "#008e76",
        "isDark": false,
        "lightValue": "#5df2d6",
        "value": "#00bfa5",
      },
    },
  },
  "white": Object {
    "name": "White",
    "value": "#ffffff",
  },
  "yellow": Object {
    "name": "Yellow",
    "shades": Object {
      "100": Object {
        "darkValue": "#cbc693",
        "isDark": false,
        "lightValue": "#fffff7",
        "value": "#fff9c4",
      },
      "200": Object {
        "darkValue": "#cbc26d",
        "isDark": false,
        "lightValue": "#ffffcf",
        "value": "#fff59d",
      },
      "300": Object {
        "darkValue": "#cabf45",
        "isDark": false,
        "lightValue": "#ffffa8",
        "value": "#fff176",
      },
      "400": Object {
        "darkValue": "#c9bc1f",
        "isDark": false,
        "lightValue": "#ffff8b",
        "value": "#ffee58",
      },
      "50": Object {
        "darkValue": "#cccab5",
        "isDark": false,
        "lightValue": "#ffffff",
        "value": "#fffde7",
      },
      "500": Object {
        "darkValue": "#c8b900",
        "isDark": false,
        "lightValue": "#ffff72",
        "value": "#ffeb3b",
      },
      "600": Object {
        "darkValue": "#c6a700",
        "isDark": false,
        "lightValue": "#ffff6b",
        "value": "#fdd835",
      },
      "700": Object {
        "darkValue": "#c49000",
        "isDark": false,
        "lightValue": "#fff263",
        "value": "#fbc02d",
      },
      "800": Object {
        "darkValue": "#c17900",
        "isDark": false,
        "lightValue": "#ffd95a",
        "value": "#f9a825",
      },
      "900": Object {
        "darkValue": "#bc5100",
        "isDark": false,
        "lightValue": "#ffb04c",
        "value": "#f57f17",
      },
      "a100": Object {
        "darkValue": "#cacc5d",
        "isDark": false,
        "lightValue": "#ffffbf",
        "value": "#ffff8d",
      },
      "a200": Object {
        "darkValue": "#c7cc00",
        "isDark": false,
        "lightValue": "#ffff5a",
        "value": "#ffff00",
      },
      "a400": Object {
        "darkValue": "#c7b800",
        "isDark": false,
        "lightValue": "#ffff56",
        "value": "#ffea00",
      },
      "a700": Object {
        "darkValue": "#c7a500",
        "isDark": false,
        "lightValue": "#ffff52",
        "value": "#ffd600",
      },
    },
  },
}
`;
